   Compiling autocfg v1.5.1
   Compiling libm v0.2.16
   Compiling proc-macro2 v1.0.107
   Compiling unicode-ident v1.0.26
   Compiling quote v1.0.47
   Compiling zerocopy v0.8.58
   Compiling libc v0.2.189
   Compiling getrandom v0.3.4
   Compiling version_check v0.9.5
   Compiling cfg-if v1.0.5
   Compiling core-foundation-sys v0.8.7
   Compiling snap v1.1.2
   Compiling ahash v0.8.12
   Compiling zmij v1.0.23
   Compiling paste v1.0.15
   Compiling num-traits v0.2.19
   Compiling serde_core v1.0.229
   Compiling syn v2.0.119
   Compiling iana-time-zone v0.1.65
   Compiling serde_json v1.0.151
   Compiling integer-encoding v3.0.4
   Compiling byteorder v1.5.0
   Compiling once_cell v1.21.4
   Compiling seq-macro v0.3.6
   Compiling memchr v2.8.3
   Compiling bytes v1.12.1
   Compiling itoa v1.0.18
   Compiling hashbrown v0.16.1
   Compiling twox-hash v2.1.4
   Compiling zerocopy-derive v0.8.58
   Compiling num-integer v0.1.47
   Compiling ordered-float v2.10.1
   Compiling num-complex v0.4.6
   Compiling chrono v0.4.45
   Compiling thrift v0.17.0
   Compiling num-iter v0.1.46
   Compiling num-rational v0.4.2
   Compiling num-bigint v0.4.8
   Compiling num v0.4.3
   Compiling half v2.7.1
   Compiling parquet v56.2.1
   Compiling exp5-prep v0.1.0 (/Users/mac/Documents/GitHub/purai/ideas/rust-version/exp5/prep)
    Finished `test` profile [optimized + debuginfo] target(s) in 16.22s
     Running unittests src/main.rs (exp5/build/debug/deps/exp5_prep-6d6a276910a4a2d4)

running 2 tests
test tests::deterministic_partition ... ok
test sha256::tests::published_vectors ... ok

test result: ok. 2 passed; 0 failed; 0 ignored; 0 measured; 0 filtered out; finished in 0.00s

