Cargo.toml: OK
Cargo.lock: OK
src/baseline.rs: OK
src/benchmark.rs: OK
src/data.rs: OK
src/graph.rs: OK
src/lib.rs: OK
src/main.rs: OK
src/math.rs: OK
src/model_io.rs: OK
src/predict.rs: OK
src/train.rs: OK
tests/benchmark.rs: OK
tests/cli.rs: OK
tests/model.rs: OK
scripts/run_exp4_v2.sh: OK
data/wikitext-103-raw-100mb.jsonl: OK
data/wikitext-103-raw-validation.jsonl: OK
benchmarks/references/blimp-models-summary.jsonl: OK
exp4-wikitext-103-raw-100mb/v2/README.md: OK
exp4-wikitext-103-raw-100mb/v2/RESULTS.md: OK
exp4-wikitext-103-raw-100mb/v2/blimp.log: OK
exp4-wikitext-103-raw-100mb/v2/blimp.report.json: OK
exp4-wikitext-103-raw-100mb/v2/blimp.samples.jsonl: OK
exp4-wikitext-103-raw-100mb/v2/build.log: OK
exp4-wikitext-103-raw-100mb/v2/clippy.log: OK
exp4-wikitext-103-raw-100mb/v2/comparison.json: OK
exp4-wikitext-103-raw-100mb/v2/data-checksums.log: OK
exp4-wikitext-103-raw-100mb/v2/inference.log: OK
exp4-wikitext-103-raw-100mb/v2/output-wikitext-103-raw-100mb-v2.model: OK
exp4-wikitext-103-raw-100mb/v2/output-wikitext-103-raw-100mb-v2.report.json: OK
exp4-wikitext-103-raw-100mb/v2/run.json: OK
exp4-wikitext-103-raw-100mb/v2/sample.txt: OK
exp4-wikitext-103-raw-100mb/v2/tests.log: OK
exp4-wikitext-103-raw-100mb/v2/toolchain.txt: OK
exp4-wikitext-103-raw-100mb/v2/training-exit-code.txt: OK
exp4-wikitext-103-raw-100mb/v2/training-finished-utc.txt: OK
exp4-wikitext-103-raw-100mb/v2/training-started-utc.txt: OK
exp4-wikitext-103-raw-100mb/v2/training.log: OK
exp4-wikitext-103-raw-100mb/v2/training.time.txt: OK
