    Finished `dev` profile [optimized + debuginfo] target(s) in 0.00s
     Running `target/debug/growing-byte-model train --input data/wikitext-103-raw-100mb.jsonl --validation data/wikitext-103-raw-validation.jsonl --output exp4-wikitext-103-raw-100mb/v2/output-wikitext-103-raw-100mb-v2.model --rounds 36 --max-nodes 250000 --no-match --stop-on-bpb-increase`
structure: 5648 docs / 100007723 bytes; calibration: 0 docs / 0 bytes; validation: 60 docs / 1145236 bytes
round   nodes classes depth  candidates   +grow  merge prune  valid_graph_bpb  seconds
    1     199       0     1         199     198      0     0          3.54020     3.11
    2    4520      64     2        6301    4440     64    55          2.93463     4.20
    3   14434     127     3       36933   10000     64    22          2.39580     5.29
    4   24361     170     4      100000   10000     64     9          2.09520     7.50
    5   34290     200     5      100000   10000     64     7          1.98249     9.16
    6   44220     233     6      100000   10000     64     6          1.93290    10.90
    7   54151     274     7      100000   10000     64     5          1.90684    12.21
    8   64083     309     8      100000   10000     64     4          1.88928    13.04
    9   74016     355     9      100000   10000     64     3          1.87586    13.69
   10   83950     400    10      100000   10000     64     2          1.86589    14.18
   11   93884     443    11      100000   10000     64     2          1.85881    14.76
   12  103816     486    12      100000   10000     64     4          1.85339    15.49
   13  107834     526    12      100000    4096     64    14          1.85045    16.27
   14  108854     565    12      100000    1087     64     3          1.84939    16.65
   15  109076     616    12      100000     286     64     0          1.84923    17.55
   16  109096     663    12      100000      84     64     0          1.84915    16.85
   17  109050     709    12      100000      18     64     0          1.84916    16.62
early stop: round 17 validation graph BPB 1.849163274278 > round 16 1.849153389635; restoring round 16
final: with_match=1.84915 graph_only=1.84915 root_only=4.58266 budget4=2.39438 bits/byte
context steps/byte=6.58 min=1 max=14 (slot tests + root access, not CPU instructions)
saved exp4-wikitext-103-raw-100mb/v2/output-wikitext-103-raw-100mb-v2.model (14948486 bytes, 109096 nodes, 663 classes); training 210.04s
fixed order-5 n-gram: 1.84842 bits/byte, 1622986 contexts
report: exp4-wikitext-103-raw-100mb/v2/output-wikitext-103-raw-100mb-v2.report.json
