data/wikitext-103-raw-source/train-00000-of-00002.parquet: OK
data/wikitext-103-raw-source/validation-00000-of-00001.parquet: OK
data/wikitext-103-raw-100mb.jsonl: OK
data/wikitext-103-raw-validation.jsonl: OK
exp4-wikitext-103-raw-100mb/output-wikitext-103-raw-100mb.model: OK
exp4-wikitext-103-raw-100mb/blimp.report.json: OK
exp4-wikitext-103-raw-100mb/comparison.json: OK
exp4-wikitext-103-raw-100mb/data-train.json: OK
exp4-wikitext-103-raw-100mb/data-validation.json: OK
exp4-wikitext-103-raw-100mb/output-wikitext-103-raw-100mb.report.json: OK
exp4-wikitext-103-raw-100mb/paired-comparison.json: OK
exp4-wikitext-103-raw-100mb/run.json: OK
exp4-wikitext-103-raw-100mb/tinystories-100mb.blimp-reference.json: OK
exp4-wikitext-103-raw-100mb/tinystories-100mb.timing-reference.json: OK
exp4-wikitext-103-raw-100mb/tinystories-100mb.training-reference.json: OK
exp4-wikitext-103-raw-100mb/blimp.samples.jsonl: OK
exp4-wikitext-103-raw-100mb/blimp.log: OK
exp4-wikitext-103-raw-100mb/download-train.log: OK
exp4-wikitext-103-raw-100mb/download-validation.log: OK
exp4-wikitext-103-raw-100mb/inference.log: OK
exp4-wikitext-103-raw-100mb/preparation-build.log: OK
exp4-wikitext-103-raw-100mb/preparation-clippy.log: OK
exp4-wikitext-103-raw-100mb/preparation-tests.log: OK
exp4-wikitext-103-raw-100mb/preparation.log: OK
exp4-wikitext-103-raw-100mb/training.log: OK
exp4-wikitext-103-raw-100mb/sample.txt: OK
exp4-wikitext-103-raw-100mb/training-exit-code.txt: OK
exp4-wikitext-103-raw-100mb/training-finished-utc.txt: OK
exp4-wikitext-103-raw-100mb/training-started-utc.txt: OK
exp4-wikitext-103-raw-100mb/training.time.txt: OK
exp4-wikitext-103-raw-100mb/README.md: OK
exp4-wikitext-103-raw-100mb/RESULTS.md: OK
Cargo.toml: OK
Cargo.lock: OK
src/baseline.rs: OK
src/benchmark.rs: OK
src/data.rs: OK
src/graph.rs: OK
src/lib.rs: OK
src/main.rs: OK
src/math.rs: OK
src/model_io.rs: OK
src/predict.rs: OK
src/train.rs: OK
tools/wikitext-prep/Cargo.toml: OK
tools/wikitext-prep/Cargo.lock: OK
tools/wikitext-prep/src/main.rs: OK
scripts/download_wikitext_100mb.sh: OK
scripts/run_exp4.sh: OK
benchmarks/data/BLiMP.zip: OK
benchmarks/references/blimp-models-summary.jsonl: OK
