    Checking cfg-if v1.0.5
    Checking libm v0.2.16
    Checking libc v0.2.189
    Checking core-foundation-sys v0.8.7
    Checking byteorder v1.5.0
    Checking integer-encoding v3.0.4
    Checking once_cell v1.21.4
    Checking snap v1.1.2
    Checking zerocopy v0.8.58
    Checking zmij v1.0.23
    Checking serde_core v1.0.229
    Checking bytes v1.12.1
    Checking twox-hash v2.1.4
    Checking iana-time-zone v0.1.65
    Checking itoa v1.0.18
    Checking hashbrown v0.16.1
    Checking memchr v2.8.3
    Checking getrandom v0.3.4
    Checking num-traits v0.2.19
    Checking num-integer v0.1.47
    Checking ordered-float v2.10.1
    Checking num-complex v0.4.6
    Checking chrono v0.4.45
    Checking thrift v0.17.0
    Checking num-iter v0.1.46
    Checking num-rational v0.4.2
    Checking num-bigint v0.4.8
    Checking serde_json v1.0.151
    Checking num v0.4.3
    Checking half v2.7.1
    Checking ahash v0.8.12
    Checking parquet v56.2.1
    Checking wikitext-prep v0.1.0 (/Users/mac/Documents/GitHub/purai/ideas/rust-version/tools/wikitext-prep)
    Finished `dev` profile [optimized + debuginfo] target(s) in 3.22s
